// Jest Snapshot v1, https://goo.gl/fbAQLP

exports[`<PixelManager /> should render 2 iframes 1`] = `
<PixelManager
  data={
    Object {
      "error": undefined,
      "fetchMore": [Function],
      "installedPixels": Array [
        "vtex.facebook-pixel@1.0.2",
        "vtex.google-tag-manager@1.0.0",
      ],
      "loading": false,
      "networkStatus": 7,
      "refetch": [Function],
      "startPolling": [Function],
      "stopPolling": [Function],
      "subscribeToMore": [Function],
      "updateQuery": [Function],
      "variables": Object {},
    }
  }
>
  <withPixel(PixelIFrame)
    key="vtex.facebook-pixel@1.0.2"
    pixel="vtex.facebook-pixel@1.0.2"
  >
    <PixelIFrame
      pixel="vtex.facebook-pixel@1.0.2"
      push={[Function]}
      subscribe={[Function]}
    >
      <iframe
        hidden={true}
        sandbox="allow-scripts"
        src="/tracking-frame/vtex.facebook-pixel@1.0.2"
      />
    </PixelIFrame>
  </withPixel(PixelIFrame)>
  <withPixel(PixelIFrame)
    key="vtex.google-tag-manager@1.0.0"
    pixel="vtex.google-tag-manager@1.0.0"
  >
    <PixelIFrame
      pixel="vtex.google-tag-manager@1.0.0"
      push={[Function]}
      subscribe={[Function]}
    >
      <iframe
        hidden={true}
        sandbox="allow-scripts"
        src="/tracking-frame/vtex.google-tag-manager@1.0.0"
      />
    </PixelIFrame>
  </withPixel(PixelIFrame)>
</PixelManager>
`;
